
Discarded input sections

 .group         0x00000000        0xc /var/folders/5h/gh6zrcv16_dcmy71qh7xnn5c0000gn/T//ccAllJ9Y.o
 .group         0x00000000        0xc /var/folders/5h/gh6zrcv16_dcmy71qh7xnn5c0000gn/T//ccAllJ9Y.o
 .group         0x00000000        0xc /var/folders/5h/gh6zrcv16_dcmy71qh7xnn5c0000gn/T//ccAllJ9Y.o
 .group         0x00000000        0xc /var/folders/5h/gh6zrcv16_dcmy71qh7xnn5c0000gn/T//ccAllJ9Y.o
 .group         0x00000000        0xc /var/folders/5h/gh6zrcv16_dcmy71qh7xnn5c0000gn/T//ccAllJ9Y.o
 .group         0x00000000        0xc /var/folders/5h/gh6zrcv16_dcmy71qh7xnn5c0000gn/T//ccAllJ9Y.o
 .group         0x00000000        0xc /var/folders/5h/gh6zrcv16_dcmy71qh7xnn5c0000gn/T//ccAllJ9Y.o
 .group         0x00000000        0xc /var/folders/5h/gh6zrcv16_dcmy71qh7xnn5c0000gn/T//ccAllJ9Y.o
 .group         0x00000000        0xc /var/folders/5h/gh6zrcv16_dcmy71qh7xnn5c0000gn/T//ccAllJ9Y.o
 .group         0x00000000        0xc /var/folders/5h/gh6zrcv16_dcmy71qh7xnn5c0000gn/T//ccAllJ9Y.o
 .group         0x00000000        0xc /var/folders/5h/gh6zrcv16_dcmy71qh7xnn5c0000gn/T//ccAllJ9Y.o
 .group         0x00000000        0xc /var/folders/5h/gh6zrcv16_dcmy71qh7xnn5c0000gn/T//ccAllJ9Y.o
 .group         0x00000000        0xc /var/folders/5h/gh6zrcv16_dcmy71qh7xnn5c0000gn/T//ccAllJ9Y.o
 .group         0x00000000        0xc /var/folders/5h/gh6zrcv16_dcmy71qh7xnn5c0000gn/T//ccAllJ9Y.o
 .text          0x00000000        0x0 /var/folders/5h/gh6zrcv16_dcmy71qh7xnn5c0000gn/T//ccAllJ9Y.o
 .data          0x00000000        0x0 /var/folders/5h/gh6zrcv16_dcmy71qh7xnn5c0000gn/T//ccAllJ9Y.o
 .bss           0x00000000        0x0 /var/folders/5h/gh6zrcv16_dcmy71qh7xnn5c0000gn/T//ccAllJ9Y.o

Memory Configuration

Name             Origin             Length             Attributes
flash            0x08000000         0x00010000         xr
sram             0x20000000         0x00002000         xrw
*default*        0x00000000         0xffffffff

Linker script and memory map

LOAD /var/folders/5h/gh6zrcv16_dcmy71qh7xnn5c0000gn/T//ccAllJ9Y.o
LOAD /Applications/ArmGNUToolchain/14.2.rel1/arm-none-eabi/bin/../lib/gcc/arm-none-eabi/14.2.1/../../../../arm-none-eabi/lib/thumb/v6-m/nofp/libc_nano.a
LOAD /Applications/ArmGNUToolchain/14.2.rel1/arm-none-eabi/bin/../lib/gcc/arm-none-eabi/14.2.1/thumb/v6-m/nofp/libgcc.a
                0x20002000                        _estack = (ORIGIN (sram) + LENGTH (sram))

.vectors        0x08000000       0xc0
 *(.vectors)
 .vectors       0x08000000       0xc0 /var/folders/5h/gh6zrcv16_dcmy71qh7xnn5c0000gn/T//ccAllJ9Y.o
                0x08000000                tab

.text           0x080000c0       0xec
 *(.text*)
 .text.SysTick_Handler
                0x080000c0       0x10 /var/folders/5h/gh6zrcv16_dcmy71qh7xnn5c0000gn/T//ccAllJ9Y.o
                0x080000c0                SysTick_Handler
 .text.timer_expired
                0x080000d0       0x28 /var/folders/5h/gh6zrcv16_dcmy71qh7xnn5c0000gn/T//ccAllJ9Y.o
                0x080000d0                timer_expired
 .text.startup.main
                0x080000f8       0x7c /var/folders/5h/gh6zrcv16_dcmy71qh7xnn5c0000gn/T//ccAllJ9Y.o
                0x080000f8                main
 .text._reset   0x08000174       0x38 /var/folders/5h/gh6zrcv16_dcmy71qh7xnn5c0000gn/T//ccAllJ9Y.o
                0x08000174                _reset

.glue_7         0x080001ac        0x0
 .glue_7        0x080001ac        0x0 linker stubs

.glue_7t        0x080001ac        0x0
 .glue_7t       0x080001ac        0x0 linker stubs

.vfp11_veneer   0x080001ac        0x0
 .vfp11_veneer  0x080001ac        0x0 linker stubs

.v4_bx          0x080001ac        0x0
 .v4_bx         0x080001ac        0x0 linker stubs

.iplt           0x080001ac        0x0
 .iplt          0x080001ac        0x0 /var/folders/5h/gh6zrcv16_dcmy71qh7xnn5c0000gn/T//ccAllJ9Y.o

.rel.dyn        0x080001ac        0x0
 .rel.iplt      0x080001ac        0x0 /var/folders/5h/gh6zrcv16_dcmy71qh7xnn5c0000gn/T//ccAllJ9Y.o

.rodata
 *(.rodata*)

.data           0x20000000        0x0 load address 0x080001ac
                0x20000000                        _sdata = .
 *(.first_data)
 *(.data SORT_BY_NAME(.data.*))
                0x20000000                        _edata = .
                0x080001ac                        _sidata = LOADADDR (.data)

.igot.plt       0x20000000        0x0 load address 0x080001ac
 .igot.plt      0x20000000        0x0 /var/folders/5h/gh6zrcv16_dcmy71qh7xnn5c0000gn/T//ccAllJ9Y.o

.bss            0x20000000        0x8 load address 0x080001ac
                0x20000000                        _sbss = .
 *(.bss SORT_BY_NAME(.bss.*) COMMON)
 .bss.on.0      0x20000000        0x1 /var/folders/5h/gh6zrcv16_dcmy71qh7xnn5c0000gn/T//ccAllJ9Y.o
 *fill*         0x20000001        0x3 
 .bss.s_ticks   0x20000004        0x4 /var/folders/5h/gh6zrcv16_dcmy71qh7xnn5c0000gn/T//ccAllJ9Y.o
                0x20000008                        _ebss = .
                0x20000008                        . = ALIGN (0x8)
                0x20000008                        _end = .
OUTPUT(firmware.elf elf32-littlearm)
LOAD linker stubs

.debug_info     0x00000000      0x552
 .debug_info    0x00000000      0x552 /var/folders/5h/gh6zrcv16_dcmy71qh7xnn5c0000gn/T//ccAllJ9Y.o

.debug_abbrev   0x00000000      0x2c5
 .debug_abbrev  0x00000000      0x2c5 /var/folders/5h/gh6zrcv16_dcmy71qh7xnn5c0000gn/T//ccAllJ9Y.o

.debug_loclists
                0x00000000       0xf7
 .debug_loclists
                0x00000000       0xf7 /var/folders/5h/gh6zrcv16_dcmy71qh7xnn5c0000gn/T//ccAllJ9Y.o

.debug_aranges  0x00000000       0x38
 .debug_aranges
                0x00000000       0x38 /var/folders/5h/gh6zrcv16_dcmy71qh7xnn5c0000gn/T//ccAllJ9Y.o

.debug_rnglists
                0x00000000       0x61
 .debug_rnglists
                0x00000000       0x61 /var/folders/5h/gh6zrcv16_dcmy71qh7xnn5c0000gn/T//ccAllJ9Y.o

.debug_macro    0x00000000     0x15e4
 .debug_macro   0x00000000       0xe2 /var/folders/5h/gh6zrcv16_dcmy71qh7xnn5c0000gn/T//ccAllJ9Y.o
 .debug_macro   0x000000e2      0xaa2 /var/folders/5h/gh6zrcv16_dcmy71qh7xnn5c0000gn/T//ccAllJ9Y.o
 .debug_macro   0x00000b84       0x22 /var/folders/5h/gh6zrcv16_dcmy71qh7xnn5c0000gn/T//ccAllJ9Y.o
 .debug_macro   0x00000ba6       0x5b /var/folders/5h/gh6zrcv16_dcmy71qh7xnn5c0000gn/T//ccAllJ9Y.o
 .debug_macro   0x00000c01       0x24 /var/folders/5h/gh6zrcv16_dcmy71qh7xnn5c0000gn/T//ccAllJ9Y.o
 .debug_macro   0x00000c25       0x94 /var/folders/5h/gh6zrcv16_dcmy71qh7xnn5c0000gn/T//ccAllJ9Y.o
 .debug_macro   0x00000cb9       0x43 /var/folders/5h/gh6zrcv16_dcmy71qh7xnn5c0000gn/T//ccAllJ9Y.o
 .debug_macro   0x00000cfc      0x103 /var/folders/5h/gh6zrcv16_dcmy71qh7xnn5c0000gn/T//ccAllJ9Y.o
 .debug_macro   0x00000dff       0x3a /var/folders/5h/gh6zrcv16_dcmy71qh7xnn5c0000gn/T//ccAllJ9Y.o
 .debug_macro   0x00000e39       0x57 /var/folders/5h/gh6zrcv16_dcmy71qh7xnn5c0000gn/T//ccAllJ9Y.o
 .debug_macro   0x00000e90       0x6a /var/folders/5h/gh6zrcv16_dcmy71qh7xnn5c0000gn/T//ccAllJ9Y.o
 .debug_macro   0x00000efa      0x1df /var/folders/5h/gh6zrcv16_dcmy71qh7xnn5c0000gn/T//ccAllJ9Y.o
 .debug_macro   0x000010d9       0x89 /var/folders/5h/gh6zrcv16_dcmy71qh7xnn5c0000gn/T//ccAllJ9Y.o
 .debug_macro   0x00001162      0x460 /var/folders/5h/gh6zrcv16_dcmy71qh7xnn5c0000gn/T//ccAllJ9Y.o
 .debug_macro   0x000015c2       0x22 /var/folders/5h/gh6zrcv16_dcmy71qh7xnn5c0000gn/T//ccAllJ9Y.o

.debug_line     0x00000000      0x482
 .debug_line    0x00000000      0x482 /var/folders/5h/gh6zrcv16_dcmy71qh7xnn5c0000gn/T//ccAllJ9Y.o

.debug_str      0x00000000     0x5246
 .debug_str     0x00000000     0x5246 /var/folders/5h/gh6zrcv16_dcmy71qh7xnn5c0000gn/T//ccAllJ9Y.o
                               0x53fa (size before relaxing)

.comment        0x00000000       0x45
 .comment       0x00000000       0x45 /var/folders/5h/gh6zrcv16_dcmy71qh7xnn5c0000gn/T//ccAllJ9Y.o
                                 0x46 (size before relaxing)

.ARM.attributes
                0x00000000       0x2c
 .ARM.attributes
                0x00000000       0x2c /var/folders/5h/gh6zrcv16_dcmy71qh7xnn5c0000gn/T//ccAllJ9Y.o

.debug_frame    0x00000000       0x68
 .debug_frame   0x00000000       0x68 /var/folders/5h/gh6zrcv16_dcmy71qh7xnn5c0000gn/T//ccAllJ9Y.o
