
Discarded input sections

 .group         0x00000000        0xc /var/folders/5h/gh6zrcv16_dcmy71qh7xnn5c0000gn/T//cc0ahO0y.o
 .text          0x00000000        0x0 /var/folders/5h/gh6zrcv16_dcmy71qh7xnn5c0000gn/T//cc0ahO0y.o
 .data          0x00000000        0x0 /var/folders/5h/gh6zrcv16_dcmy71qh7xnn5c0000gn/T//cc0ahO0y.o
 .bss           0x00000000        0x0 /var/folders/5h/gh6zrcv16_dcmy71qh7xnn5c0000gn/T//cc0ahO0y.o
 .text.startup.main
                0x00000000        0x4 /var/folders/5h/gh6zrcv16_dcmy71qh7xnn5c0000gn/T//cc0ahO0y.o

Memory Configuration

Name             Origin             Length             Attributes
flash            0x08000000         0x00010000         xr
sram             0x20000000         0x00002000         xrw
*default*        0x00000000         0xffffffff

Linker script and memory map

LOAD /var/folders/5h/gh6zrcv16_dcmy71qh7xnn5c0000gn/T//cc0ahO0y.o
LOAD /Applications/ArmGNUToolchain/14.2.rel1/arm-none-eabi/bin/../lib/gcc/arm-none-eabi/14.2.1/../../../../arm-none-eabi/lib/thumb/v6-m/nofp/libc_nano.a
LOAD /Applications/ArmGNUToolchain/14.2.rel1/arm-none-eabi/bin/../lib/gcc/arm-none-eabi/14.2.1/thumb/v6-m/nofp/libgcc.a
                0x20002000                        _estack = (ORIGIN (sram) + LENGTH (sram))

.vectors        0x08000000       0xc0
 *(.vectors)
 .vectors       0x08000000       0xc0 /var/folders/5h/gh6zrcv16_dcmy71qh7xnn5c0000gn/T//cc0ahO0y.o
                0x08000000                tab

.text           0x080000c0       0x34
 *(.text*)
 .text._reset   0x080000c0       0x34 /var/folders/5h/gh6zrcv16_dcmy71qh7xnn5c0000gn/T//cc0ahO0y.o
                0x080000c0                _reset

.glue_7         0x080000f4        0x0
 .glue_7        0x080000f4        0x0 linker stubs

.glue_7t        0x080000f4        0x0
 .glue_7t       0x080000f4        0x0 linker stubs

.vfp11_veneer   0x080000f4        0x0
 .vfp11_veneer  0x080000f4        0x0 linker stubs

.v4_bx          0x080000f4        0x0
 .v4_bx         0x080000f4        0x0 linker stubs

.iplt           0x080000f4        0x0
 .iplt          0x080000f4        0x0 /var/folders/5h/gh6zrcv16_dcmy71qh7xnn5c0000gn/T//cc0ahO0y.o

.rel.dyn        0x080000f4        0x0
 .rel.iplt      0x080000f4        0x0 /var/folders/5h/gh6zrcv16_dcmy71qh7xnn5c0000gn/T//cc0ahO0y.o

.rodata
 *(.rodata*)

.data           0x20000000        0x0 load address 0x080000f4
                0x20000000                        _sdata = .
 *(.first_data)
 *(.data SORT_BY_NAME(.data.*))
                0x20000000                        _edata = .
                0x080000f4                        _sidata = LOADADDR (.data)

.igot.plt       0x20000000        0x0 load address 0x080000f4
 .igot.plt      0x20000000        0x0 /var/folders/5h/gh6zrcv16_dcmy71qh7xnn5c0000gn/T//cc0ahO0y.o

.bss            0x20000000        0x0 load address 0x080000f4
                0x20000000                        _sbss = .
 *(.bss SORT_BY_NAME(.bss.*) COMMON)
                0x20000000                        _ebss = .
                0x20000000                        . = ALIGN (0x8)
                0x20000000                        _end = .
OUTPUT(firmware.elf elf32-littlearm)
LOAD linker stubs

.debug_info     0x00000000      0x122
 .debug_info    0x00000000      0x122 /var/folders/5h/gh6zrcv16_dcmy71qh7xnn5c0000gn/T//cc0ahO0y.o

.debug_abbrev   0x00000000      0x109
 .debug_abbrev  0x00000000      0x109 /var/folders/5h/gh6zrcv16_dcmy71qh7xnn5c0000gn/T//cc0ahO0y.o

.debug_loclists
                0x00000000       0x4d
 .debug_loclists
                0x00000000       0x4d /var/folders/5h/gh6zrcv16_dcmy71qh7xnn5c0000gn/T//cc0ahO0y.o

.debug_aranges  0x00000000       0x28
 .debug_aranges
                0x00000000       0x28 /var/folders/5h/gh6zrcv16_dcmy71qh7xnn5c0000gn/T//cc0ahO0y.o

.debug_rnglists
                0x00000000       0x31
 .debug_rnglists
                0x00000000       0x31 /var/folders/5h/gh6zrcv16_dcmy71qh7xnn5c0000gn/T//cc0ahO0y.o

.debug_macro    0x00000000      0xab3
 .debug_macro   0x00000000       0x11 /var/folders/5h/gh6zrcv16_dcmy71qh7xnn5c0000gn/T//cc0ahO0y.o
 .debug_macro   0x00000011      0xaa2 /var/folders/5h/gh6zrcv16_dcmy71qh7xnn5c0000gn/T//cc0ahO0y.o

.debug_line     0x00000000       0xbb
 .debug_line    0x00000000       0xbb /var/folders/5h/gh6zrcv16_dcmy71qh7xnn5c0000gn/T//cc0ahO0y.o

.debug_str      0x00000000     0x2da6
 .debug_str     0x00000000     0x2da6 /var/folders/5h/gh6zrcv16_dcmy71qh7xnn5c0000gn/T//cc0ahO0y.o
                               0x2dbc (size before relaxing)

.comment        0x00000000       0x45
 .comment       0x00000000       0x45 /var/folders/5h/gh6zrcv16_dcmy71qh7xnn5c0000gn/T//cc0ahO0y.o
                                 0x46 (size before relaxing)

.ARM.attributes
                0x00000000       0x2c
 .ARM.attributes
                0x00000000       0x2c /var/folders/5h/gh6zrcv16_dcmy71qh7xnn5c0000gn/T//cc0ahO0y.o

.debug_frame    0x00000000       0x30
 .debug_frame   0x00000000       0x30 /var/folders/5h/gh6zrcv16_dcmy71qh7xnn5c0000gn/T//cc0ahO0y.o
